Godot Engine v4.7.2.stable.official.ed1daf0bf - https://godotengine.org

08:10:00 active=6 scheduled=94 complete=0 wall=11.1s
08:20:00 active=7 scheduled=93 complete=0 wall=23.0s
WAITS [{"id":"B068","reason":"Expect a wait at TVCN until Backwater Intercity 01 · TVC–ERS (B030) overtakes","road":"TVCN_P2","wait":372.0}]
08:30:00 active=8 scheduled=92 complete=0 wall=36.3s
08:40:00 active=12 scheduled=88 complete=0 wall=53.2s
08:50:00 active=12 scheduled=88 complete=0 wall=74.4s
WAITS [{"id":"B045","reason":"Block SRTL_LLEAD_D occupied by K1 · Coastal Stopping Passenger · Ernakulam to Nagercoil (K1)","road":"SRTL_P1","wait":552.0}]
09:00:00 active=12 scheduled=88 complete=0 wall=93.8s
09:10:00 active=15 scheduled=85 complete=0 wall=116.8s
WAITS [{"id":"B013","reason":"Single line NYY_single is locked for opposing traffic · Cape Passenger 01 · TVC–NCJ (B088)","road":"PASA_P1","wait":564.0}]
09:20:00 active=16 scheduled=84 complete=0 wall=142.5s
WAITS [{"id":"B014","reason":"Single line PASA_single is locked for opposing traffic · Cape Passenger 01 · TVC–NCJ (B088)","road":"KZT_P1","wait":264.0}]
09:30:00 active=17 scheduled=83 complete=0 wall=170.7s
WAITS [{"id":"B039","reason":"Single line MAKM_single is locked for opposing traffic · Coastal Stopping Passenger · Ernakulam to Nagercoil (K1)","road":"ALLP_P1","wait":516.0}]
09:40:00 active=17 scheduled=83 complete=0 wall=201.6s
09:50:00 active=19 scheduled=81 complete=1 wall=231.4s
10:00:00 active=20 scheduled=79 complete=3 wall=262.3s
10:10:00 active=18 scheduled=79 complete=3 wall=290.9s
10:20:00 active=18 scheduled=79 complete=3 wall=316.6s
WAITS [{"id":"B042","reason":"Block TUVR_VAY_M0 occupied by B002 · Cape Express 01 · ERS–NCJ (B002)","road":"TUVR_P2","wait":738.0}]
10:30:00 active=20 scheduled=77 complete=5 wall=343.9s
10:40:00 active=21 scheduled=74 complete=6 wall=366.7s
10:50:00 active=20 scheduled=74 complete=6 wall=392.6s
11:00:00 active=20 scheduled=74 complete=7 wall=420.1s
WAITS [{"id":"B071","reason":"Expect a wait at VAK until Malabar Express 01 · NCJ–ERS (B014) overtakes","road":"VAK_P2","wait":344.0}]
11:10:00 active=20 scheduled=73 complete=9 wall=442.1s
11:20:00 active=22 scheduled=69 complete=9 wall=468.0s
11:30:00 active=22 scheduled=69 complete=10 wall=499.3s
WAITS [{"id":"B001","reason":"Single line TVC_single is locked for opposing traffic · Cape Passenger 01 · NCJ–TVC (B094)","road":"TVC_P1","wait":256.0}]
11:40:00 active=21 scheduled=69 complete=10 wall=527.7s
11:50:00 active=22 scheduled=68 complete=13 wall=554.4s
WAITS [{"id":"B089","reason":"Single line KZT_single is locked for opposing traffic · Cape Passenger 02 · NCJ–TVC (B095)","road":"KZT_P1","wait":280.0}]
12:00:00 active=22 scheduled=65 complete=13 wall=579.6s
WAITS [{"id":"B074","reason":"Expect a wait at TVC until Malabar Express 02 · NCJ–ERS (B015) overtakes","road":"TVC_P3","wait":298.0}]
12:10:00 active=23 scheduled=64 complete=14 wall=608.5s
12:20:00 active=22 scheduled=64 complete=15 wall=638.2s
12:30:00 active=21 scheduled=64 complete=15 wall=667.6s
12:40:00 active=22 scheduled=63 complete=17 wall=692.7s
WAITS [{"id":"B014","reason":"Single line ALLP_single is locked for opposing traffic · Coastal Passenger 01 · ERS–KYJ (B036)","road":"AMPA_P2","wait":568.0}]
12:50:00 active=22 scheduled=61 complete=19 wall=717.4s
13:00:00 active=22 scheduled=59 complete=19 wall=743.2s
13:10:00 active=22 scheduled=59 complete=20 wall=771.7s
13:20:00 active=21 scheduled=59 complete=22 wall=798.7s
13:30:00 active=21 scheduled=57 complete=23 wall=821.8s
WAITS [{"id":"B076","reason":"Expect a wait at TVC until Malabar Express 04 · NCJ–ERS (B017) overtakes","road":"TVC_P3","wait":298.0}]
13:40:00 active=21 scheduled=56 complete=24 wall=843.7s
WAITS [{"id":"B056","reason":"Expect a wait at QLN until Capital Intercity 02 · ERS–TVC (B025) overtakes","road":"QLN_P3","wait":598.0}]
13:50:00 active=21 scheduled=55 complete=25 wall=867.7s
14:00:00 active=20 scheduled=55 complete=26 wall=893.6s
WAITS [{"id":"K1","reason":"Expect a wait at NYY until Cape Express 01 · ERS–NCJ (B002) overtakes","road":"NYY_P1","wait":220.0}]
14:10:00 active=21 scheduled=53 complete=28 wall=918.1s
WAITS [{"id":"K1","reason":"Single line NYY_single is locked for opposing traffic · Cape Passenger 03 · NCJ–TVC (B096)","road":"NYY_P1","wait":820.0}]
14:20:00 active=21 scheduled=51 complete=28 wall=944.7s
WAITS [{"id":"K1","reason":"Single line NYY_single is locked for opposing traffic · Cape Passenger 03 · NCJ–TVC (B096)","road":"NYY_P1","wait":1420.0}]
14:30:00 active=22 scheduled=50 complete=29 wall=973.1s
WAITS [{"id":"B090","reason":"Single line NEM_single is locked for opposing traffic · Cape Passenger 03 · NCJ–TVC (B096)","road":"NEM_P1","wait":208.0}]
14:40:00 active=21 scheduled=50 complete=30 wall=995.1s
WAITS [{"id":"B013","reason":"Single line KUMM_single is locked for opposing traffic · Coastal Passenger 02 · ERS–KYJ (B037)","road":"TUVR_P2","wait":214.0},{"id":"B015","reason":"Single line TUVR_single is locked for opposing traffic · Cape Express 04 · ERS–NCJ (B005)","road":"SRTL_P1","wait":252.0}]
14:50:00 active=21 scheduled=49 complete=30 wall=1021.0s
WAITS [{"id":"B013","reason":"Expect a wait at TUVR until Malabar Express 02 · NCJ–ERS (B015) overtakes","road":"TUVR_P2","wait":814.0}]
15:00:00 active=23 scheduled=47 complete=32 wall=1047.1s
WAITS [{"id":"B013","reason":"Expect a wait at TUVR until Malabar Express 02 · NCJ–ERS (B015) overtakes","road":"TUVR_P2","wait":1414.0},{"id":"B015","reason":"Single line KUMM_single is locked for opposing traffic · Coastal Passenger 02 · ERS–KYJ (B037)","road":"TUVR_P1","wait":544.0}]
15:10:00 active=21 scheduled=47 complete=33 wall=1073.3s
15:20:00 active=21 scheduled=46 complete=34 wall=1097.1s
15:30:00 active=21 scheduled=45 complete=35 wall=1121.9s
WAITS [{"id":"B003","reason":"Single line NYY_single is locked for opposing traffic · Malabar Express 05 · NCJ–ERS (B018)","road":"NYY_P1","wait":216.0}]
15:40:00 active=23 scheduled=42 complete=37 wall=1148.9s
15:50:00 active=21 scheduled=42 complete=38 wall=1174.3s
16:00:00 active=22 scheduled=40 complete=39 wall=1201.3s
16:10:00 active=22 scheduled=39 complete=40 wall=1227.5s
16:20:00 active=23 scheduled=37 complete=41 wall=1253.3s
16:30:00 active=22 scheduled=37 complete=42 wall=1283.4s
WAITS [{"id":"B004","reason":"Single line TVC_single is locked for opposing traffic · Malabar Express 06 · NCJ–ERS (B019)","road":"TVC_P1","wait":192.0},{"id":"B043","reason":"Single line ERS_single is locked for opposing traffic · Backwater Intercity 03 · TVC–ERS (B032)","road":"ERS_P1","wait":598.0}]
16:40:00 active=23 scheduled=35 complete=43 wall=1312.0s
16:50:00 active=26 scheduled=31 complete=45 wall=1344.8s
WAITS [{"id":"B007","reason":"Single line ERS_single is locked for opposing traffic · Malabar Express 03 · NCJ–ERS (B016)","road":"ERS_P1","wait":298.0},{"id":"B043","reason":"Single line KUMM_single is locked for opposing traffic · Malabar Express 04 · NCJ–ERS (B017)","road":"KUMM_P3","wait":450.0}]
17:00:00 active=24 scheduled=31 complete=46 wall=1371.6s
WAITS [{"id":"B091","reason":"Expect a wait before Parassala: no free platform suitable for this service · Cape Passenger 04 · NCJ–TVC (B097), Cape Express 03 · ERS–NCJ (B004)","road":"NYY_P1","wait":246.0}]
17:10:00 active=23 scheduled=31 complete=47 wall=1401.0s
WAITS [{"id":"B091","reason":"Single line NYY_single is locked for opposing traffic · Cape Passenger 04 · NCJ–TVC (B097)","road":"NYY_P1","wait":846.0}]
17:20:00 active=23 scheduled=30 complete=48 wall=1429.8s
WAITS [{"id":"B080","reason":"Expect a wait at VAK until Malabar Express 06 · NCJ–ERS (B019) overtakes","road":"VAK_P2","wait":352.0},{"id":"B091","reason":"Conflicts with route from NYY_AMVA_M0-NH · Cape Passenger 04 · NCJ–TVC (B097)","road":"NYY_P1","wait":1446.0}]
17:30:00 active=23 scheduled=29 complete=51 wall=1454.9s
17:40:00 active=21 scheduled=28 complete=52 wall=1482.6s
17:50:00 active=20 scheduled=28 complete=52 wall=1517.3s
18:00:00 active=23 scheduled=25 complete=54 wall=1550.6s
18:10:00 active=22 scheduled=24 complete=55 wall=1585.1s
18:20:00 active=21 scheduled=24 complete=57 wall=1615.2s
18:30:00 active=22 scheduled=21 complete=58 wall=1646.6s
18:40:00 active=24 scheduled=18 complete=60 wall=1678.1s
WAITS [{"id":"B008","reason":"Single line SRTL_single is locked for opposing traffic · Malabar Express 05 · NCJ–ERS (B018)","road":"SRTL_P3","wait":268.0}]
18:50:00 active=23 scheduled=17 complete=61 wall=1711.5s
WAITS [{"id":"B018","reason":"Single line TUVR_single is locked for opposing traffic · Capital Intercity 05 · ERS–TVC (B028)","road":"SRTL_P1","wait":424.0}]
19:00:00 active=23 scheduled=16 complete=61 wall=1742.0s
19:10:00 active=23 scheduled=16 complete=62 wall=1776.4s
WAITS [{"id":"B008","reason":"Conflicts with route from ALLP_PUPR_M0-NH · Malabar Express 06 · NCJ–ERS (B019)","road":"ALLP_P1","wait":422.0},{"id":"B038","reason":"Single line KUMM_single is locked for opposing traffic · Malabar Express 05 · NCJ–ERS (B018)","road":"KUMM_P3","wait":504.0}]
19:20:00 active=25 scheduled=13 complete=65 wall=1805.8s
WAITS [{"id":"B041","reason":"Single line ALLP_single is locked for opposing traffic · Cape Express 07 · ERS–NCJ (B008)","road":"AMPA_P2","wait":540.0},{"id":"B098","reason":"Expect a wait before Parassala: the remaining platforms are reserved for approaching services · Cape Express 05 · ERS–NCJ (B006), Cape Passenger 05 · TVC–NCJ (B092)","road":"KZT_P1","wait":264.0}]
19:30:00 active=23 scheduled=12 complete=66 wall=1843.1s
19:40:00 active=23 scheduled=11 complete=66 wall=1879.6s
19:50:00 active=23 scheduled=11 complete=68 wall=1914.1s
WAITS [{"id":"B047","reason":"Single line TUVR_single is locked for opposing traffic · Cape Express 08 · ERS–NCJ (B009)","road":"SRTL_P3","wait":464.0}]
20:00:00 active=21 scheduled=11 complete=69 wall=1945.0s
WAITS [{"id":"B047","reason":"Expect a wait before Turavur: the remaining platforms are reserved for approaching services · Malabar Express 06 · NCJ–ERS (B019), Alappuzha Passenger 03 · ERS–ALLP (B044)","road":"SRTL_P3","wait":1064.0}]
20:10:00 active=20 scheduled=11 complete=70 wall=1976.4s
WAITS [{"id":"B047","reason":"Expect a wait before Turavur: no free platform suitable for this service · Malabar Express 06 · NCJ–ERS (B019), Alappuzha Passenger 03 · ERS–ALLP (B044)","road":"SRTL_P3","wait":1664.0}]
20:20:00 active=22 scheduled=8 complete=70 wall=2009.2s
WAITS [{"id":"B041","reason":"Expect a wait before Turavur: no free platform suitable for this service · Alappuzha Passenger 03 · ERS–ALLP (B044)","road":"SRTL_P2","wait":468.0},{"id":"B044","reason":"Single line TUVR_single is locked for opposing traffic · Alappuzha Passenger 03 · ALLP–ERS (B047)","road":"TUVR_P3","wait":438.0}]
20:30:00 active=22 scheduled=8 complete=72 wall=2040.2s
WAITS [{"id":"B038","reason":"Expect a wait at ALLP until Cape Express 08 · ERS–NCJ (B009) overtakes","road":"ALLP_P1","wait":216.0},{"id":"B041","reason":"Single line TUVR_single is locked for opposing traffic · Alappuzha Passenger 03 · ERS–ALLP (B044)","road":"SRTL_P2","wait":1068.0},{"id":"B066","reason":"Expect a wait at QLN until Cape Express 07 · ERS–NCJ (B008) overtakes","road":"QLN_P3","wait":600.0}]
20:40:00 active=21 scheduled=7 complete=74 wall=2069.9s
WAITS [{"id":"B020","reason":"Single line ALLP_single is locked for opposing traffic · Cape Express 08 · ERS–NCJ (B009), Coastal Passenger 03 · ERS–KYJ (B038)","road":"AMPA_P2","wait":300.0}]
20:50:00 active=19 scheduled=7 complete=75 wall=2098.3s
WAITS [{"id":"B041","reason":"Single line KUMM_single is locked for opposing traffic · Cape Express 09 · ERS–NCJ (B010)","road":"TUVR_P2","wait":330.0}]
21:00:00 active=18 scheduled=7 complete=75 wall=2125.8s
21:10:00 active=21 scheduled=4 complete=77 wall=2155.4s
WAITS [{"id":"B020","reason":"Block ALLP_DEPOT_LM_ACCESS occupied by B021 · Malabar Express 08 · NCJ–ERS (B021)","road":"ALLP_P1","wait":570.0}]
21:20:00 active=21 scheduled=2 complete=79 wall=2182.6s
21:30:00 active=20 scheduled=1 complete=79 wall=2214.8s
21:40:00 active=20 scheduled=1 complete=82 wall=2242.3s
21:50:00 active=17 scheduled=1 complete=82 wall=2266.8s
22:00:00 active=17 scheduled=1 complete=84 wall=2289.6s
22:10:00 active=15 scheduled=1 complete=85 wall=2316.5s
22:20:00 active=15 scheduled=0 complete=89 wall=2335.0s
22:30:00 active=11 scheduled=0 complete=89 wall=2351.4s
22:40:00 active=11 scheduled=0 complete=89 wall=2367.3s
22:50:00 active=11 scheduled=0 complete=89 wall=2383.3s
23:00:00 active=11 scheduled=0 complete=89 wall=2402.1s
23:10:00 active=11 scheduled=0 complete=91 wall=2421.4s
23:20:00 active=9 scheduled=0 complete=93 wall=2433.8s
23:30:00 active=7 scheduled=0 complete=93 wall=2445.7s
23:40:00 active=7 scheduled=0 complete=93 wall=2458.1s
23:50:00 active=7 scheduled=0 complete=93 wall=2470.3s
00:00:00 active=7 scheduled=0 complete=94 wall=2481.3s
00:10:00 active=6 scheduled=0 complete=94 wall=2492.2s
00:20:00 active=6 scheduled=0 complete=94 wall=2504.2s
00:30:00 active=6 scheduled=0 complete=95 wall=2513.2s
00:40:00 active=5 scheduled=0 complete=95 wall=2522.8s
00:50:00 active=5 scheduled=0 complete=96 wall=2531.6s
01:00:00 active=4 scheduled=0 complete=97 wall=2538.4s
01:10:00 active=3 scheduled=0 complete=97 wall=2547.9s
01:20:00 active=3 scheduled=0 complete=97 wall=2555.3s
01:30:00 active=3 scheduled=0 complete=97 wall=2561.9s
01:40:00 active=3 scheduled=0 complete=97 wall=2568.1s
01:50:00 active=3 scheduled=0 complete=98 wall=2573.7s
02:00:00 active=2 scheduled=0 complete=98 wall=2580.0s
02:10:00 active=2 scheduled=0 complete=98 wall=2587.5s
02:20:00 active=2 scheduled=0 complete=99 wall=2592.2s
02:30:00 active=1 scheduled=0 complete=99 wall=2596.1s
02:40:00 active=1 scheduled=0 complete=99 wall=2598.6s
02:50:00 active=1 scheduled=0 complete=99 wall=2603.0s
03:00:00 active=1 scheduled=0 complete=99 wall=2607.1s
03:10:00 active=1 scheduled=0 complete=99 wall=2614.0s
AUDIT All 100 services arrived safely and cleared to depot where provided. Latest passenger arrival delay: 32.7 min. Manual driving may change the outcome.; complete=100/100; peak=23; wall=2616.8s; report=.local/realistic-v13-baseline.json
