Godot Engine v4.7.2.stable.official.ed1daf0bf - https://godotengine.org

08:10:00 active=6 scheduled=94 complete=0 wall=11.5s
08:20:00 active=7 scheduled=93 complete=0 wall=23.5s
WAITS [{"id":"B068","reason":"Expect a wait at TVCN until Backwater Intercity 01 · TVC–ERS (B030) overtakes","road":"TVCN_P3","wait":302.0}]
08:30:00 active=8 scheduled=92 complete=0 wall=38.0s
08:40:00 active=12 scheduled=88 complete=0 wall=55.0s
08:50:00 active=12 scheduled=88 complete=0 wall=74.3s
WAITS [{"id":"B045","reason":"Block SRTL_LLEAD_D occupied by K1 · Coastal Stopping Passenger · Ernakulam to Nagercoil (K1)","road":"SRTL_P1","wait":552.0}]
09:00:00 active=12 scheduled=88 complete=0 wall=93.6s
09:10:00 active=15 scheduled=85 complete=0 wall=119.3s
WAITS [{"id":"B013","reason":"Single line NYY_single is locked for opposing traffic · Cape Passenger 01 · TVC–NCJ (B088)","road":"PASA_P1","wait":564.0}]
09:20:00 active=16 scheduled=84 complete=0 wall=145.9s
WAITS [{"id":"B014","reason":"Single line PASA_single is locked for opposing traffic · Cape Passenger 01 · TVC–NCJ (B088)","road":"KZT_P1","wait":264.0}]
09:30:00 active=17 scheduled=83 complete=0 wall=169.1s
WAITS [{"id":"B039","reason":"Single line MAKM_single is locked for opposing traffic · Coastal Stopping Passenger · Ernakulam to Nagercoil (K1)","road":"ALLP_P1","wait":516.0}]
09:40:00 active=17 scheduled=83 complete=0 wall=196.3s
09:50:00 active=19 scheduled=81 complete=1 wall=224.8s
10:00:00 active=20 scheduled=79 complete=3 wall=253.7s
10:10:00 active=18 scheduled=79 complete=3 wall=290.9s
10:20:00 active=18 scheduled=79 complete=3 wall=328.2s
WAITS [{"id":"B014","reason":"Block TVP_TVC_U0 occupied by B012 · Coastal Vande Bharat · Nagercoil to Ernakulam (B012)","road":"TVC_P4","wait":680.0},{"id":"B042","reason":"Expect a wait at TUVR until Cape Express 01 · ERS–NCJ (B002) overtakes","road":"TUVR_P2","wait":738.0}]
10:30:00 active=20 scheduled=77 complete=5 wall=366.5s
10:40:00 active=21 scheduled=74 complete=6 wall=399.2s
10:50:00 active=20 scheduled=74 complete=6 wall=435.2s
WAITS [{"id":"B072","reason":"Block VELI_TVCN_U0 occupied by B031 · Backwater Intercity 02 · TVC–ERS (B031)","road":"TVCN_P3","wait":648.0}]
11:00:00 active=21 scheduled=73 complete=6 wall=471.4s
WAITS [{"id":"B071","reason":"Expect a wait at VAK until Malabar Express 01 · NCJ–ERS (B014) overtakes","road":"VAK_P2","wait":344.0}]
11:10:00 active=21 scheduled=73 complete=9 wall=500.8s
11:20:00 active=22 scheduled=69 complete=9 wall=532.4s
11:30:00 active=22 scheduled=69 complete=10 wall=568.1s
11:40:00 active=21 scheduled=69 complete=10 wall=615.6s
11:50:00 active=22 scheduled=68 complete=13 wall=654.2s
WAITS [{"id":"B089","reason":"Single line KZT_single is locked for opposing traffic · Cape Passenger 02 · NCJ–TVC (B095)","road":"KZT_P1","wait":280.0}]
12:00:00 active=22 scheduled=65 complete=13 wall=692.4s
WAITS [{"id":"B074","reason":"Expect a wait at TVC until Malabar Express 02 · NCJ–ERS (B015) overtakes","road":"TVC_P3","wait":298.0}]
12:10:00 active=23 scheduled=64 complete=14 wall=732.1s
12:20:00 active=22 scheduled=64 complete=14 wall=770.5s
12:30:00 active=22 scheduled=64 complete=15 wall=798.1s
12:40:00 active=22 scheduled=63 complete=16 wall=828.7s
12:50:00 active=23 scheduled=61 complete=19 wall=863.4s
13:00:00 active=22 scheduled=59 complete=19 wall=898.2s
WAITS [{"id":"B003","reason":"Single line ALLP_single is locked for opposing traffic · Malabar Express 01 · NCJ–ERS (B014), Backwater Intercity 02 · TVC–ERS (B031)","road":"ALLP_P1","wait":506.0}]
13:10:00 active=22 scheduled=59 complete=20 wall=938.2s
13:20:00 active=21 scheduled=59 complete=22 wall=966.2s
13:30:00 active=21 scheduled=57 complete=22 wall=994.8s
WAITS [{"id":"B076","reason":"Expect a wait at TVC until Malabar Express 04 · NCJ–ERS (B017) overtakes","road":"TVC_P3","wait":298.0}]
13:40:00 active=22 scheduled=56 complete=23 wall=1027.0s
13:50:00 active=22 scheduled=55 complete=24 wall=1062.2s
WAITS [{"id":"B014","reason":"Block TNU_KUMM_M1 occupied by B031 · Backwater Intercity 02 · TVC–ERS (B031)","road":"KUMM_P1","wait":184.0}]
14:00:00 active=21 scheduled=55 complete=26 wall=1093.1s
WAITS [{"id":"K1","reason":"Expect a wait at NYY until Cape Express 01 · ERS–NCJ (B002) overtakes","road":"NYY_P1","wait":220.0}]
14:10:00 active=21 scheduled=53 complete=27 wall=1124.0s
WAITS [{"id":"K1","reason":"Expect a wait before Parassala: no free platform suitable for this service · Cape Passenger 03 · NCJ–TVC (B096)","road":"NYY_P1","wait":820.0},{"id":"B096","reason":"Single line NYY_single is locked for opposing traffic · Cape Express 01 · ERS–NCJ (B002)","road":"PASA_P1","wait":562.0}]
14:20:00 active=22 scheduled=51 complete=28 wall=1156.9s
WAITS [{"id":"K1","reason":"Single line NYY_single is locked for opposing traffic · Cape Passenger 03 · NCJ–TVC (B096)","road":"NYY_P1","wait":1420.0}]
14:30:00 active=22 scheduled=50 complete=28 wall=1189.7s
14:40:00 active=22 scheduled=50 complete=30 wall=1222.1s
WAITS [{"id":"B013","reason":"Single line KUMM_single is locked for opposing traffic · Coastal Passenger 02 · ERS–KYJ (B037)","road":"TUVR_P2","wait":214.0}]
14:50:00 active=21 scheduled=49 complete=30 wall=1252.8s
WAITS [{"id":"B013","reason":"Expect a wait at TUVR until Malabar Express 02 · NCJ–ERS (B015) overtakes","road":"TUVR_P2","wait":814.0}]
15:00:00 active=23 scheduled=47 complete=31 wall=1285.2s
WAITS [{"id":"B013","reason":"Expect a wait at TUVR until Malabar Express 02 · NCJ–ERS (B015) overtakes","road":"TUVR_P2","wait":1414.0},{"id":"B015","reason":"Single line KUMM_single is locked for opposing traffic · Coastal Passenger 02 · ERS–KYJ (B037)","road":"TUVR_P1","wait":316.0},{"id":"B040","reason":"Single line MAKM_single is locked for opposing traffic · Cape Express 04 · ERS–NCJ (B005)","road":"ALLP_P2","wait":514.0}]
15:10:00 active=22 scheduled=47 complete=33 wall=1320.0s
15:20:00 active=21 scheduled=46 complete=33 wall=1353.7s
15:30:00 active=23 scheduled=44 complete=34 wall=1387.1s
WAITS [{"id":"B037","reason":"Single line SRTL_single is locked for opposing traffic · Coastal Passenger 02 · KYJ–ERS (B040)","road":"SRTL_P1","wait":442.0}]
15:40:00 active=24 scheduled=42 complete=37 wall=1420.8s
15:50:00 active=21 scheduled=42 complete=38 wall=1453.9s
16:00:00 active=22 scheduled=40 complete=38 wall=1487.5s
16:10:00 active=23 scheduled=39 complete=40 wall=1521.3s
16:20:00 active=23 scheduled=37 complete=41 wall=1553.5s
WAITS [{"id":"B040","reason":"Expect a wait at KUMM until Backwater Intercity 03 · TVC–ERS (B032) overtakes","road":"KUMM_P3","wait":286.0}]
16:30:00 active=22 scheduled=37 complete=42 wall=1588.9s
WAITS [{"id":"B079","reason":"Expect a wait at KVU until Malabar Express 05 · NCJ–ERS (B018) overtakes","road":"KVU_P3","wait":256.0}]
16:40:00 active=23 scheduled=35 complete=43 wall=1623.7s
WAITS [{"id":"B017","reason":"Single line TUVR_single is locked for opposing traffic · Capital Intercity 04 · ERS–TVC (B027)","road":"SRTL_P1","wait":190.0}]
16:50:00 active=26 scheduled=31 complete=45 wall=1658.4s
17:00:00 active=24 scheduled=31 complete=46 wall=1694.2s
WAITS [{"id":"B027","reason":"Conflicts with route from MAKM_KAVR_M0-NH · Alappuzha Passenger 02 · ALLP–ERS (B046)","road":"MAKM_P1","wait":190.0},{"id":"B091","reason":"Expect a wait before Parassala: no free platform suitable for this service · Cape Passenger 04 · NCJ–TVC (B097), Cape Express 03 · ERS–NCJ (B004)","road":"NYY_P1","wait":198.0}]
17:10:00 active=23 scheduled=31 complete=46 wall=1731.4s
WAITS [{"id":"B060","reason":"Block KVU_CRY_D0 occupied by B005 · Cape Express 04 · ERS–NCJ (B005)","road":"KVU_P1","wait":262.0},{"id":"B091","reason":"Single line NYY_single is locked for opposing traffic · Cape Passenger 04 · NCJ–TVC (B097)","road":"NYY_P1","wait":798.0}]
17:20:00 active=24 scheduled=30 complete=48 wall=1766.0s
WAITS [{"id":"B091","reason":"Conflicts with route from NYY_AMVA_M0-NH · Cape Passenger 04 · NCJ–TVC (B097)","road":"NYY_P1","wait":1398.0}]
17:30:00 active=23 scheduled=29 complete=50 wall=1801.1s
17:40:00 active=22 scheduled=28 complete=52 wall=1834.8s
17:50:00 active=20 scheduled=28 complete=52 wall=1868.2s
18:00:00 active=23 scheduled=25 complete=54 wall=1901.3s
18:10:00 active=22 scheduled=24 complete=56 wall=1932.2s
18:20:00 active=20 scheduled=24 complete=57 wall=1961.8s
18:30:00 active=22 scheduled=21 complete=58 wall=1993.1s
WAITS [{"id":"B034","reason":"Block VELI_TVCN_U0 occupied by B020 · Malabar Express 07 · NCJ–ERS (B020)","road":"TVCN_P3","wait":496.0}]
18:40:00 active=23 scheduled=19 complete=60 wall=2025.7s
18:50:00 active=23 scheduled=17 complete=61 wall=2058.3s
WAITS [{"id":"B006","reason":"Authority to TVC-S1","road":"TVP_TVC_D0","wait":336.0},{"id":"B083","reason":"Expect a wait at KVU until Backwater Intercity 05 · TVC–ERS (B034) overtakes","road":"KVU_P3","wait":258.0}]
19:00:00 active=23 scheduled=16 complete=61 wall=2091.2s
19:10:00 active=23 scheduled=16 complete=61 wall=2132.9s
19:20:00 active=26 scheduled=13 complete=65 wall=2164.0s
WAITS [{"id":"B092","reason":"Expect a wait before Parassala: the remaining platforms are reserved for approaching services · Cape Express 05 · ERS–NCJ (B006), Cape Passenger 05 · NCJ–TVC (B098)","road":"NYY_P1","wait":638.0}]
19:30:00 active=23 scheduled=12 complete=66 wall=2197.3s
WAITS [{"id":"B019","reason":"Single line MAKM_single is locked for opposing traffic · Capital Intercity 05 · ERS–TVC (B028)","road":"ALLP_P1","wait":286.0}]
19:40:00 active=23 scheduled=11 complete=66 wall=2233.7s
WAITS [{"id":"B098","reason":"Single line NYY_single is locked for opposing traffic · Cape Passenger 05 · TVC–NCJ (B092)","road":"PASA_P2","wait":564.0}]
19:50:00 active=23 scheduled=11 complete=68 wall=2267.8s
WAITS [{"id":"B038","reason":"Expect a wait at SRTL until Cape Express 08 · ERS–NCJ (B009) overtakes","road":"SRTL_P3","wait":324.0}]
20:00:00 active=21 scheduled=11 complete=69 wall=2299.0s
WAITS [{"id":"B041","reason":"Single line SRTL_single is locked for opposing traffic · Cape Express 08 · ERS–NCJ (B009), Coastal Passenger 03 · ERS–KYJ (B038)","road":"MAKM_P3","wait":348.0}]
20:10:00 active=20 scheduled=11 complete=70 wall=2332.3s
WAITS [{"id":"B047","reason":"Expect a wait at TUVR until Malabar Express 06 · NCJ–ERS (B019) overtakes","road":"TUVR_P2","wait":738.0}]
20:20:00 active=22 scheduled=8 complete=70 wall=2367.5s
20:30:00 active=22 scheduled=8 complete=72 wall=2401.6s
WAITS [{"id":"B038","reason":"Single line ALLP_single is locked for opposing traffic · Backwater Intercity 05 · TVC–ERS (B034)","road":"ALLP_P1","wait":216.0}]
20:40:00 active=21 scheduled=7 complete=73 wall=2434.7s
WAITS [{"id":"B020","reason":"Single line ALLP_single is locked for opposing traffic · Coastal Passenger 03 · ERS–KYJ (B038)","road":"AMPA_P2","wait":196.0}]
20:50:00 active=20 scheduled=7 complete=76 wall=2461.2s
21:00:00 active=17 scheduled=7 complete=76 wall=2491.2s
21:10:00 active=20 scheduled=4 complete=76 wall=2523.1s
WAITS [{"id":"B020","reason":"Expect a wait at ALLP until Malabar Express 08 · NCJ–ERS (B021) overtakes","road":"ALLP_P1","wait":544.0}]
21:20:00 active=22 scheduled=2 complete=80 wall=2552.8s
21:30:00 active=18 scheduled=2 complete=80 wall=2583.2s
21:40:00 active=19 scheduled=1 complete=82 wall=2609.7s
21:50:00 active=17 scheduled=1 complete=82 wall=2633.4s
22:00:00 active=17 scheduled=1 complete=84 wall=2658.7s
22:10:00 active=16 scheduled=0 complete=85 wall=2688.7s
22:20:00 active=15 scheduled=0 complete=88 wall=2707.5s
22:30:00 active=12 scheduled=0 complete=89 wall=2725.9s
22:40:00 active=11 scheduled=0 complete=89 wall=2741.9s
22:50:00 active=11 scheduled=0 complete=89 wall=2758.5s
23:00:00 active=11 scheduled=0 complete=89 wall=2778.0s
23:10:00 active=11 scheduled=0 complete=90 wall=2796.3s
23:20:00 active=10 scheduled=0 complete=93 wall=2810.2s
WAITS [{"id":"B022","reason":"Single line ALLP_single is locked for opposing traffic · Cape Express 10 · ERS–NCJ (B011)","road":"AMPA_P2","wait":376.0}]
23:30:00 active=7 scheduled=0 complete=93 wall=2821.7s
23:40:00 active=7 scheduled=0 complete=93 wall=2834.9s
23:50:00 active=7 scheduled=0 complete=94 wall=2847.2s
00:00:00 active=6 scheduled=0 complete=94 wall=2858.0s
00:10:00 active=6 scheduled=0 complete=94 wall=2870.5s
00:20:00 active=6 scheduled=0 complete=94 wall=2881.1s
00:30:00 active=6 scheduled=0 complete=94 wall=2892.8s
00:40:00 active=6 scheduled=0 complete=95 wall=2900.8s
00:50:00 active=5 scheduled=0 complete=96 wall=2910.1s
01:00:00 active=4 scheduled=0 complete=97 wall=2917.1s
01:10:00 active=3 scheduled=0 complete=97 wall=2926.2s
01:20:00 active=3 scheduled=0 complete=97 wall=2932.9s
01:30:00 active=3 scheduled=0 complete=97 wall=2938.7s
01:40:00 active=3 scheduled=0 complete=97 wall=2944.5s
01:50:00 active=3 scheduled=0 complete=98 wall=2951.1s
02:00:00 active=2 scheduled=0 complete=98 wall=2956.6s
02:10:00 active=2 scheduled=0 complete=98 wall=2965.5s
02:20:00 active=2 scheduled=0 complete=99 wall=2970.2s
02:30:00 active=1 scheduled=0 complete=99 wall=2973.6s
02:40:00 active=1 scheduled=0 complete=99 wall=2977.7s
02:50:00 active=1 scheduled=0 complete=99 wall=2981.7s
03:00:00 active=1 scheduled=0 complete=99 wall=2985.5s
03:10:00 active=1 scheduled=0 complete=99 wall=2991.6s
AUDIT All 100 services arrived safely and cleared to depot where provided. Latest passenger arrival delay: 33.9 min. Manual driving may change the outcome.; complete=100/100; peak=23; wall=2993.6s; report=.local/map-v1-delay.json
